// Jest Snapshot v1, https://goo.gl/fbAQLP

exports[`test ViewTab component render the component to match snapshot 1`] = `ShallowWrapper {}`;
